\BOOKMARK [0][-]{chapter.1}{\376\377\0001\000\040\000C\000o\000n\000t\000e\000x\000t\000e}{}% 1
\BOOKMARK [0][-]{chapter.2}{\376\377\0002\000\040\000P\000r\000o\000b\000l\000\350\000m\000e\000s\000\040\000r\000e\000n\000c\000o\000n\000t\000r\000\351\000s}{}% 2
\BOOKMARK [0][-]{chapter.3}{\376\377\0003\000\040\000P\000\351\000r\000i\000m\000\350\000t\000r\000e\000\040\000d\000u\000\040\000p\000r\000o\000j\000e\000t}{}% 3
\BOOKMARK [1][-]{section.3.1}{\376\377\0003\000.\0001\000\040\000P\000\351\000r\000i\000m\000\350\000t\000r\000e\000\040\000c\000o\000u\000v\000e\000r\000t}{chapter.3}% 4
\BOOKMARK [0][-]{chapter.4}{\376\377\0004\000\040\000A\000c\000t\000e\000u\000r\000s}{}% 5
\BOOKMARK [1][-]{section.4.1}{\376\377\0004\000.\0001\000\040\000U\000t\000i\000l\000i\000s\000a\000t\000e\000u\000r}{chapter.4}% 6
\BOOKMARK [1][-]{section.4.2}{\376\377\0004\000.\0002\000\040\000A\000d\000m\000i\000n\000i\000s\000t\000r\000a\000t\000e\000u\000r}{chapter.4}% 7
\BOOKMARK [0][-]{chapter.5}{\376\377\0005\000\040\000O\000b\000j\000e\000c\000t\000i\000f\000s\000\040\000d\000u\000\040\000p\000r\000o\000j\000e\000t}{}% 8
\BOOKMARK [1][-]{section.5.1}{\376\377\0005\000.\0001\000\040\000O\000b\000j\000e\000c\000t\000i\000f\000\040\000g\000\351\000n\000\351\000r\000a\000l}{chapter.5}% 9
\BOOKMARK [1][-]{section.5.2}{\376\377\0005\000.\0002\000\040\000O\000b\000j\000e\000c\000t\000i\000f\000s\000\040\000s\000p\000\351\000c\000i\000f\000i\000q\000u\000e\000s}{chapter.5}% 10
\BOOKMARK [0][-]{chapter.6}{\376\377\0006\000\040\000B\000e\000s\000o\000i\000n\000s\000\040\000f\000o\000n\000c\000t\000i\000o\000n\000n\000e\000l\000s}{}% 11
\BOOKMARK [1][-]{section.6.1}{\376\377\0006\000.\0001\000\040\000G\000e\000s\000t\000i\000o\000n\000\040\000d\000e\000s\000\040\000u\000t\000i\000l\000i\000s\000a\000t\000e\000u\000r\000s}{chapter.6}% 12
\BOOKMARK [1][-]{section.6.2}{\376\377\0006\000.\0002\000\040\000G\000e\000s\000t\000i\000o\000n\000\040\000d\000e\000s\000\040\000f\000i\000c\000h\000i\000e\000r\000s}{chapter.6}% 13
\BOOKMARK [1][-]{section.6.3}{\376\377\0006\000.\0003\000\040\000\311\000d\000i\000t\000i\000o\000n\000\040\000d\000e\000s\000\040\000f\000i\000c\000h\000i\000e\000r\000s}{chapter.6}% 14
\BOOKMARK [1][-]{section.6.4}{\376\377\0006\000.\0004\000\040\000C\000o\000n\000v\000e\000r\000s\000i\000o\000n\000\040\000E\000x\000c\000e\000l\000\040\000v\000e\000r\000s\000\040\000W\000o\000r\000d}{chapter.6}% 15
\BOOKMARK [0][-]{chapter.7}{\376\377\0007\000\040\000B\000e\000s\000o\000i\000n\000s\000\040\000n\000o\000n\000\040\000f\000o\000n\000c\000t\000i\000o\000n\000n\000e\000l\000s}{}% 16
\BOOKMARK [0][-]{chapter.8}{\376\377\0008\000\040\000O\000u\000t\000i\000l\000s\000\040\000p\000r\000o\000p\000o\000s\000\351\000s\000\040\000p\000o\000u\000r\000\040\000l\000a\000\040\000r\000\351\000a\000l\000i\000s\000a\000t\000i\000o\000n}{}% 17
\BOOKMARK [0][-]{chapter.9}{\376\377\0009\000\040\000\311\000l\000\351\000m\000e\000n\000t\000s\000\040\000n\000\351\000c\000e\000s\000s\000a\000i\000r\000e\000s\000\040\000p\000o\000u\000r\000\040\000l\000a\000\040\000r\000\351\000a\000l\000i\000s\000a\000t\000i\000o\000n}{}% 18
\BOOKMARK [0][-]{chapter.10}{\376\377\0001\0000\000\040\000R\000\351\000s\000u\000l\000t\000a\000t\000\040\000a\000t\000t\000e\000n\000d\000u}{}% 19
\BOOKMARK [0][-]{chapter.11}{\376\377\0001\0001\000\040\000P\000l\000a\000n\000n\000i\000n\000g\000\040\000e\000t\000\040\000O\000r\000g\000a\000n\000i\000s\000a\000t\000i\000o\000n\000\040\000d\000u\000\040\000P\000r\000o\000j\000e\000t}{}% 20
